
> folymarket@0.1.0 build
> next build

node.exe :  ÔÜá Warnin
g: Next.js inferred yo
ur workspace root, but
 it may not be correct
.
At line:1 char:1
+ & "C:\Program Files\
nodejs/node.exe" "C:\P
rogram Files\nodejs/no
de_mo ...
+ ~~~~~~~~~~~~~~~~~~~~
~~~~~~~~~~~~~~~~~~~~~~
~~~~~~~~~~~~~~~~~~~~~~
~~~~~
    + CategoryInfo    
          : NotSpeci  
  fied: ( ÔÜá Warni   
 ng: N...not be co    
rrect.:String) []    ,
 RemoteException
    + FullyQualifiedE 
   rrorId : NativeCo  
  mmandError
 
 We detected multiple 
lockfiles and selected
 the directory of C:\U
sers\brkkl\package-loc
k.json as the root dir
ectory.
 To silence this warni
ng, set `turbopack.roo
t` in your Next.js con
fig, or consider remov
ing one of the lockfil
es if it's not needed.
   See https://nextjs.
org/docs/app/api-refer
ence/config/next-confi
g-js/turbopack#root-di
rectory for more infor
mation.
 Detected additional l
ockfiles: 
   * C:\Users\brkkl\.g
emini\antigravity\scra
tch\folymarket\package
-lock.json

   Ôû▓ Next.js 16.0.6 (Turbopack)
   - Environments: .env

   Creating an optimized production build ...
 Ô£ô Compiled successfully in 10.9s
   Running TypeScript ...
Failed to compile.

./app/components/Marke
tView.tsx:435:17
Type error: Type '"ext
endMarket"' is not ass
ignable to type '"bet"
 | "claim" | "createMa
rket" | "emergencyRese
t" | "resolveMarket"'.

[0m [90m 433 |[39m 
                addres
s[33m:[39m [33mPRED
ICTION_MARKET_ADDRESS
[39m [36mas[39m [32
m`0x${string}`[39m[3
3m,[39m
 [90m 434 |[39m     
            abi[33m:
[39m [33mPREDICTION_M
ARKET_ABI[39m[33m,[
39m
[31m[1m>[22m[39m[
90m 435 |[39m        
         functionName
[33m:[39m [32m"exten
dMarket"[39m[33m,[3
9m
 [90m     |[39m     
            [31m[1m^
[22m[39m
 [90m 436 |[39m     
            args[33m:
[39m [selectedMarketI
d[33m,[39m [33mBigI
nt[39m(seconds)][33m
,[39m
 [90m 437 |[39m     
            account[3
3m:[39m address[33m,
[39m
 [90m 438 |[39m     
        })[33m;[39m
[0m
Next.js build worker e
xited with code: 1 and
 signal: null
